[2026-05-30 20:50:59] START name=logbox pid=266439 cmd="/bin/echo hello" net=host mem=1G pids=128 cpu=100 seccomp=basic tmp=on workdir=off rm=0
[2026-05-30 20:50:59] EXIT  name=logbox pid=266439 code=0
[2026-05-30 20:51:28] START name=membomb pid=267118 cmd="tests/samples/memory_bomb" net=host mem=64M pids=128 cpu=100 seccomp=basic tmp=on workdir=off rm=0
[2026-05-30 20:51:31] SIGNAL name=membomb pid=267118 signal=9
[2026-05-30 20:54:00] START name=nettest pid=270551 cmd="bash" net=host mem=1G pids=128 cpu=100 seccomp=basic tmp=on workdir=off rm=1
[2026-05-30 20:54:53] EXIT  name=nettest pid=270551 code=0
[2026-05-30 20:55:22] START name=downloadbox pid=272390 cmd="bash" net=host mem=1G pids=128 cpu=100 seccomp=basic tmp=on workdir=off rm=0
[2026-05-30 20:55:30] EXIT  name=downloadbox pid=272390 code=0
[2026-05-30 20:56:35] START name=rmdownload pid=274207 cmd="bash" net=host mem=1G pids=128 cpu=100 seccomp=basic tmp=on workdir=off rm=1
[2026-05-30 20:56:54] EXIT  name=rmdownload pid=274207 code=0
[2026-05-30 20:58:41] START name=hometest pid=277189 cmd="bash" net=host mem=1G pids=128 cpu=100 seccomp=basic tmp=on workdir=off rm=1
[2026-05-30 20:58:50] EXIT  name=hometest pid=277189 code=0
[2026-05-30 21:19:35] START name=rootbox pid=304877 cmd="bash" net=host mem=1G pids=128 cpu=100 seccomp=basic tmp=off workdir=off rm=0
[2026-05-30 21:19:45] EXIT  name=rootbox pid=304877 code=0
[2026-05-30 21:20:31] START name=rootrm pid=306345 cmd="bash" net=host mem=1G pids=128 cpu=100 seccomp=basic tmp=off workdir=off rm=1
[2026-05-30 21:20:39] EXIT  name=rootrm pid=306345 code=0
[2026-05-30 21:21:15] START name=piproot pid=307392 cmd="bash" net=host mem=1G pids=128 cpu=100 seccomp=basic tmp=off workdir=off rm=1
[2026-05-30 21:21:27] EXIT  name=piproot pid=307392 code=1
[2026-05-30 21:22:41] START name=piproot pid=309485 cmd="bash" net=host mem=1G pids=128 cpu=100 seccomp=basic tmp=off workdir=off rm=1
[2026-05-30 21:23:52] EXIT  name=piproot pid=309485 code=1
[2026-05-30 21:23:53] START name=testbox pid=311497 cmd="bash" net=host mem=1G pids=128 cpu=100 seccomp=basic tmp=off workdir=off rm=0
[2026-05-30 21:25:08] EXIT  name=testbox pid=311497 code=6
[2026-05-30 21:25:11] START name=testbox pid=313712 cmd="bash" net=host mem=1G pids=128 cpu=100 seccomp=basic tmp=off workdir=off rm=0
[2026-05-30 21:34:04] EXIT  name=testbox pid=313712 code=6
[2026-05-30 21:34:16] START name=testbox pid=327821 cmd="bash" net=host mem=1G pids=128 cpu=100 seccomp=basic tmp=off workdir=off rm=0
[2026-05-30 21:34:34] EXIT  name=testbox pid=327821 code=0
